// Jest Snapshot v1, https://goo.gl/fbAQLP

exports[`should render home 1`] = `
<div>
  <div>
    Welcome to Kickball League Directory!
  </div>
</div>
`;
